Archive member included to satisfy reference by file (symbol)

V:/Prajwal/Softwares/ESPS/STM32CubeIDE_1.18.1/STM32CubeIDE/plugins/com.st.stm32cube.ide.mcu.externaltools.gnu-tools-for-stm32.13.3.rel1.win32_1.0.0.202411081344/tools/bin/../lib/gcc/arm-none-eabi/13.3.1/../../../../arm-none-eabi/lib/thumb/v7e-m+fp/hard\libc_nano.a(libc_a-exit.o)
                              V:/Prajwal/Softwares/ESPS/STM32CubeIDE_1.18.1/STM32CubeIDE/plugins/com.st.stm32cube.ide.mcu.externaltools.gnu-tools-for-stm32.13.3.rel1.win32_1.0.0.202411081344/tools/bin/../lib/gcc/arm-none-eabi/13.3.1/../../../../arm-none-eabi/lib/thumb/v7e-m+fp/hard/crt0.o (exit)
V:/Prajwal/Softwares/ESPS/STM32CubeIDE_1.18.1/STM32CubeIDE/plugins/com.st.stm32cube.ide.mcu.externaltools.gnu-tools-for-stm32.13.3.rel1.win32_1.0.0.202411081344/tools/bin/../lib/gcc/arm-none-eabi/13.3.1/../../../../arm-none-eabi/lib/thumb/v7e-m+fp/hard\libc_nano.a(libc_a-findfp.o)
                              V:/Prajwal/Softwares/ESPS/STM32CubeIDE_1.18.1/STM32CubeIDE/plugins/com.st.stm32cube.ide.mcu.externaltools.gnu-tools-for-stm32.13.3.rel1.win32_1.0.0.202411081344/tools/bin/../lib/gcc/arm-none-eabi/13.3.1/../../../../arm-none-eabi/lib/thumb/v7e-m+fp/hard\libc_nano.a(libc_a-exit.o) (__stdio_exit_handler)
V:/Prajwal/Softwares/ESPS/STM32CubeIDE_1.18.1/STM32CubeIDE/plugins/com.st.stm32cube.ide.mcu.externaltools.gnu-tools-for-stm32.13.3.rel1.win32_1.0.0.202411081344/tools/bin/../lib/gcc/arm-none-eabi/13.3.1/../../../../arm-none-eabi/lib/thumb/v7e-m+fp/hard\libc_nano.a(libc_a-fwalk.o)
                              V:/Prajwal/Softwares/ESPS/STM32CubeIDE_1.18.1/STM32CubeIDE/plugins/com.st.stm32cube.ide.mcu.externaltools.gnu-tools-for-stm32.13.3.rel1.win32_1.0.0.202411081344/tools/bin/../lib/gcc/arm-none-eabi/13.3.1/../../../../arm-none-eabi/lib/thumb/v7e-m+fp/hard\libc_nano.a(libc_a-findfp.o) (_fwalk_sglue)
V:/Prajwal/Softwares/ESPS/STM32CubeIDE_1.18.1/STM32CubeIDE/plugins/com.st.stm32cube.ide.mcu.externaltools.gnu-tools-for-stm32.13.3.rel1.win32_1.0.0.202411081344/tools/bin/../lib/gcc/arm-none-eabi/13.3.1/../../../../arm-none-eabi/lib/thumb/v7e-m+fp/hard\libc_nano.a(libc_a-stdio.o)
                              V:/Prajwal/Softwares/ESPS/STM32CubeIDE_1.18.1/STM32CubeIDE/plugins/com.st.stm32cube.ide.mcu.externaltools.gnu-tools-for-stm32.13.3.rel1.win32_1.0.0.202411081344/tools/bin/../lib/gcc/arm-none-eabi/13.3.1/../../../../arm-none-eabi/lib/thumb/v7e-m+fp/hard\libc_nano.a(libc_a-findfp.o) (__sread)
V:/Prajwal/Softwares/ESPS/STM32CubeIDE_1.18.1/STM32CubeIDE/plugins/com.st.stm32cube.ide.mcu.externaltools.gnu-tools-for-stm32.13.3.rel1.win32_1.0.0.202411081344/tools/bin/../lib/gcc/arm-none-eabi/13.3.1/../../../../arm-none-eabi/lib/thumb/v7e-m+fp/hard\libc_nano.a(libc_a-memset.o)
                              V:/Prajwal/Softwares/ESPS/STM32CubeIDE_1.18.1/STM32CubeIDE/plugins/com.st.stm32cube.ide.mcu.externaltools.gnu-tools-for-stm32.13.3.rel1.win32_1.0.0.202411081344/tools/bin/../lib/gcc/arm-none-eabi/13.3.1/../../../../arm-none-eabi/lib/thumb/v7e-m+fp/hard/crt0.o (memset)
V:/Prajwal/Softwares/ESPS/STM32CubeIDE_1.18.1/STM32CubeIDE/plugins/com.st.stm32cube.ide.mcu.externaltools.gnu-tools-for-stm32.13.3.rel1.win32_1.0.0.202411081344/tools/bin/../lib/gcc/arm-none-eabi/13.3.1/../../../../arm-none-eabi/lib/thumb/v7e-m+fp/hard\libc_nano.a(libc_a-closer.o)
                              V:/Prajwal/Softwares/ESPS/STM32CubeIDE_1.18.1/STM32CubeIDE/plugins/com.st.stm32cube.ide.mcu.externaltools.gnu-tools-for-stm32.13.3.rel1.win32_1.0.0.202411081344/tools/bin/../lib/gcc/arm-none-eabi/13.3.1/../../../../arm-none-eabi/lib/thumb/v7e-m+fp/hard\libc_nano.a(libc_a-stdio.o) (_close_r)
V:/Prajwal/Softwares/ESPS/STM32CubeIDE_1.18.1/STM32CubeIDE/plugins/com.st.stm32cube.ide.mcu.externaltools.gnu-tools-for-stm32.13.3.rel1.win32_1.0.0.202411081344/tools/bin/../lib/gcc/arm-none-eabi/13.3.1/../../../../arm-none-eabi/lib/thumb/v7e-m+fp/hard\libc_nano.a(libc_a-reent.o)
                              V:/Prajwal/Softwares/ESPS/STM32CubeIDE_1.18.1/STM32CubeIDE/plugins/com.st.stm32cube.ide.mcu.externaltools.gnu-tools-for-stm32.13.3.rel1.win32_1.0.0.202411081344/tools/bin/../lib/gcc/arm-none-eabi/13.3.1/../../../../arm-none-eabi/lib/thumb/v7e-m+fp/hard\libc_nano.a(libc_a-closer.o) (errno)
V:/Prajwal/Softwares/ESPS/STM32CubeIDE_1.18.1/STM32CubeIDE/plugins/com.st.stm32cube.ide.mcu.externaltools.gnu-tools-for-stm32.13.3.rel1.win32_1.0.0.202411081344/tools/bin/../lib/gcc/arm-none-eabi/13.3.1/../../../../arm-none-eabi/lib/thumb/v7e-m+fp/hard\libc_nano.a(libc_a-impure.o)
                              V:/Prajwal/Softwares/ESPS/STM32CubeIDE_1.18.1/STM32CubeIDE/plugins/com.st.stm32cube.ide.mcu.externaltools.gnu-tools-for-stm32.13.3.rel1.win32_1.0.0.202411081344/tools/bin/../lib/gcc/arm-none-eabi/13.3.1/../../../../arm-none-eabi/lib/thumb/v7e-m+fp/hard\libc_nano.a(libc_a-reent.o) (_impure_ptr)
[...]
Memory Configuration

Name             Origin             Length             Attributes
RAM              0x20000000         0x00020000         xrw
FLASH            0x08000000         0x00080000         xr
*default*        0x00000000         0xffffffff

Linker script and memory map

LOAD V:/Prajwal/Softwares/ESPS/STM32CubeIDE_1.18.1/STM32CubeIDE/plugins/com.st.stm32cube.ide.mcu.externaltools.gnu-tools-for-stm32.13.3.rel1.win32_1.0.0.202411081344/tools/bin/../lib/gcc/arm-none-eabi/13.3.1/thumb/v7e-m+fp/hard/crti.o
LOAD V:/Prajwal/Softwares/ESPS/STM32CubeIDE_1.18.1/STM32CubeIDE/plugins/com.st.stm32cube.ide.mcu.externaltools.gnu-tools-for-stm32.13.3.rel1.win32_1.0.0.202411081344/tools/bin/../lib/gcc/arm-none-eabi/13.3.1/thumb/v7e-m+fp/hard/crtbegin.o
LOAD V:/Prajwal/Softwares/ESPS/STM32CubeIDE_1.18.1/STM32CubeIDE/plugins/com.st.stm32cube.ide.mcu.externaltools.gnu-tools-for-stm32.13.3.rel1.win32_1.0.0.202411081344/tools/bin/../lib/gcc/arm-none-eabi/13.3.1/../../../../arm-none-eabi/lib/thumb/v7e-m+fp/hard/crt0.o
LOAD ./Core/Src/fir_circullar_buffer.o
LOAD ./Core/Src/fir_coeffs.o
LOAD ./Core/Src/fir_naive.o
LOAD ./Core/Src/main.o
LOAD ./Core/Src/stm32g4xx_hal_msp.o
LOAD ./Core/Src/stm32g4xx_it.o
LOAD ./Core/Src/syscalls.o
LOAD ./Core/Src/sysmem.o
LOAD ./Core/Src/system_stm32g4xx.o
LOAD ./Core/Startup/startup_stm32g474retx.o
LOAD ./Drivers/STM32G4xx_HAL_Driver/Src/stm32g4xx_hal.o
LOAD ./Drivers/STM32G4xx_HAL_Driver/Src/stm32g4xx_hal_adc.o
LOAD ./Drivers/STM32G4xx_HAL_Driver/Src/stm32g4xx_hal_adc_ex.o
LOAD ./Drivers/STM32G4xx_HAL_Driver/Src/stm32g4xx_hal_cortex.o
LOAD ./Drivers/STM32G4xx_HAL_Driver/Src/stm32g4xx_hal_dac.o
LOAD ./Drivers/STM32G4xx_HAL_Driver/Src/stm32g4xx_hal_dac_ex.o
LOAD ./Drivers/STM32G4xx_HAL_Driver/Src/stm32g4xx_hal_dma.o
LOAD ./Drivers/STM32G4xx_HAL_Driver/Src/stm32g4xx_hal_dma_ex.o
LOAD ./Drivers/STM32G4xx_HAL_Driver/Src/stm32g4xx_hal_exti.o
LOAD ./Drivers/STM32G4xx_HAL_Driver/Src/stm32g4xx_hal_flash.o
LOAD ./Drivers/STM32G4xx_HAL_Driver/Src/stm32g4xx_hal_flash_ex.o
LOAD ./Drivers/STM32G4xx_HAL_Driver/Src/stm32g4xx_hal_flash_ramfunc.o
LOAD ./Drivers/STM32G4xx_HAL_Driver/Src/stm32g4xx_hal_gpio.o
LOAD ./Drivers/STM32G4xx_HAL_Driver/Src/stm32g4xx_hal_pwr.o
LOAD ./Drivers/STM32G4xx_HAL_Driver/Src/stm32g4xx_hal_pwr_ex.o
LOAD ./Drivers/STM32G4xx_HAL_Driver/Src/stm32g4xx_hal_rcc.o
LOAD ./Drivers/STM32G4xx_HAL_Driver/Src/stm32g4xx_hal_rcc_ex.o
LOAD ./Drivers/STM32G4xx_HAL_Driver/Src/stm32g4xx_hal_tim.o
LOAD ./Drivers/STM32G4xx_HAL_Driver/Src/stm32g4xx_hal_tim_ex.o
LOAD ./Drivers/STM32G4xx_HAL_Driver/Src/stm32g4xx_ll_adc.o
START GROUP
LOAD V:/Prajwal/Softwares/ESPS/STM32CubeIDE_1.18.1/STM32CubeIDE/plugins/com.st.stm32cube.ide.mcu.externaltools.gnu-tools-for-stm32.13.3.rel1.win32_1.0.0.202411081344/tools/bin/../lib/gcc/arm-none-eabi/13.3.1/../../../../arm-none-eabi/lib/thumb/v7e-m+fp/hard\libc_nano.a
LOAD V:/Prajwal/Softwares/ESPS/STM32CubeIDE_1.18.1/STM32CubeIDE/plugins/com.st.stm32cube.ide.mcu.externaltools.gnu-tools-for-stm32.13.3.rel1.win32_1.0.0.202411081344/tools/bin/../lib/gcc/arm-none-eabi/13.3.1/../../../../arm-none-eabi/lib/thumb/v7e-m+fp/hard\libm.a
END GROUP
START GROUP
LOAD V:/Prajwal/Softwares/ESPS/STM32CubeIDE_1.18.1/STM32CubeIDE/plugins/com.st.stm32cube.ide.mcu.externaltools.gnu-tools-for-stm32.13.3.rel1.win32_1.0.0.202411081344/tools/bin/../lib/gcc/arm-none-eabi/13.3.1/thumb/v7e-m+fp/hard\libgcc.a
LOAD V:/Prajwal/Softwares/ESPS/STM32CubeIDE_1.18.1/STM32CubeIDE/plugins/com.st.stm32cube.ide.mcu.externaltools.gnu-tools-for-stm32.13.3.rel1.win32_1.0.0.202411081344/tools/bin/../lib/gcc/arm-none-eabi/13.3.1/../../../../arm-none-eabi/lib/thumb/v7e-m+fp/hard\libc_nano.a
END GROUP
START GROUP
LOAD V:/Prajwal/Softwares/ESPS/STM32CubeIDE_1.18.1/STM32CubeIDE/plugins/com.st.stm32cube.ide.mcu.externaltools.gnu-tools-for-stm32.13.3.rel1.win32_1.0.0.202411081344/tools/bin/../lib/gcc/arm-none-eabi/13.3.1/thumb/v7e-m+fp/hard\libgcc.a
LOAD V:/Prajwal/Softwares/ESPS/STM32CubeIDE_1.18.1/STM32CubeIDE/plugins/com.st.stm32cube.ide.mcu.externaltools.gnu-tools-for-stm32.13.3.rel1.win32_1.0.0.202411081344/tools/bin/../lib/gcc/arm-none-eabi/13.3.1/../../../../arm-none-eabi/lib/thumb/v7e-m+fp/hard\libc_nano.a
LOAD V:/Prajwal/Softwares/ESPS/STM32CubeIDE_1.18.1/STM32CubeIDE/plugins/com.st.stm32cube.ide.mcu.externaltools.gnu-tools-for-stm32.13.3.rel1.win32_1.0.0.202411081344/tools/bin/../lib/gcc/arm-none-eabi/13.3.1/../../../../arm-none-eabi/lib/thumb/v7e-m+fp/hard\libnosys.a
END GROUP
START GROUP
LOAD V:/Prajwal/Softwares/ESPS/STM32CubeIDE_1.18.1/STM32CubeIDE/plugins/com.st.stm32cube.ide.mcu.externaltools.gnu-tools-for-stm32.13.3.rel1.win32_1.0.0.202411081344/tools/bin/../lib/gcc/arm-none-eabi/13.3.1/thumb/v7e-m+fp/hard\libgcc.a
LOAD V:/Prajwal/Softwares/ESPS/STM32CubeIDE_1.18.1/STM32CubeIDE/plugins/com.st.stm32cube.ide.mcu.externaltools.gnu-tools-for-stm32.13.3.rel1.win32_1.0.0.202411081344/tools/bin/../lib/gcc/arm-none-eabi/13.3.1/../../../../arm-none-eabi/lib/thumb/v7e-m+fp/hard\libc_nano.a
LOAD V:/Prajwal/Softwares/ESPS/STM32CubeIDE_1.18.1/STM32CubeIDE/plugins/com.st.stm32cube.ide.mcu.externaltools.gnu-tools-for-stm32.13.3.rel1.win32_1.0.0.202411081344/tools/bin/../lib/gcc/arm-none-eabi/13.3.1/../../../../arm-none-eabi/lib/thumb/v7e-m+fp/hard\libnosys.a
END GROUP
LOAD V:/Prajwal/Softwares/ESPS/STM32CubeIDE_1.18.1/STM32CubeIDE/plugins/com.st.stm32cube.ide.mcu.externaltools.gnu-tools-for-stm32.13.3.rel1.win32_1.0.0.202411081344/tools/bin/../lib/gcc/arm-none-eabi/13.3.1/thumb/v7e-m+fp/hard/crtend.o
LOAD V:/Prajwal/Softwares/ESPS/STM32CubeIDE_1.18.1/STM32CubeIDE/plugins/com.st.stm32cube.ide.mcu.externaltools.gnu-tools-for-stm32.13.3.rel1.win32_1.0.0.202411081344/tools/bin/../lib/gcc/arm-none-eabi/13.3.1/thumb/v7e-m+fp/hard/crtn.o
                0x20020000                        _estack = (ORIGIN (RAM) + LENGTH (RAM))
                0x00000200                        _Min_Heap_Size = 0x200
                0x00000400                        _Min_Stack_Size = 0x400

.isr_vector     0x08000000      0x1d8
                0x08000000                        . = ALIGN (0x4)
 *(.isr_vector)
 .isr_vector    0x08000000      0x1d8 ./Core/Startup/startup_stm32g474retx.o
                0x08000000                g_pfnVectors
                0x080001d8                        . = ALIGN (0x4)

.text           0x080001d8     0x3d0c
                0x080001d8                        . = ALIGN (0x4)
 *(.text)
 .text          0x080001d8       0x40 V:/Prajwal/Softwares/ESPS/STM32CubeIDE_1.18.1/STM32CubeIDE/plugins/com.st.stm32cube.ide.mcu.externaltools.gnu-tools-for-stm32.13.3.rel1.win32_1.0.0.202411081344/tools/bin/../lib/gcc/arm-none-eabi/13.3.1/thumb/v7e-m+fp/hard/crtbegin.o
 *(.text*)
 .text.fir_circular
                0x08000218       0xb0 ./Core/Src/fir_circullar_buffer.o
                0x08000218                fir_circular
 .text.main     0x080002c8       0x48 ./Core/Src/main.o
                0x080002c8                main
 .text.SystemClock_Config
                0x08000310       0x96 ./Core/Src/main.o
                0x08000310                SystemClock_Config
 *fill*         0x080003a6        0x2 
 .text.MX_ADC1_Init
                0x080003a8       0xb4 ./Core/Src/main.o
 .text.MX_DAC1_Init
                0x0800045c       0x88 ./Core/Src/main.o
 .text.MX_TIM6_Init
                0x080004e4       0x6c ./Core/Src/main.o
 .text.MX_GPIO_Init
                0x08000550      0x104 ./Core/Src/main.o
 .text.Error_Handler
                0x08000654        0xc ./Core/Src/main.o
                0x08000654                Error_Handler
 .text.HAL_MspInit
                0x08000660       0x48 ./Core/Src/stm32g4xx_hal_msp.o
                0x08000660                HAL_MspInit
 .text.HAL_ADC_MspInit
                0x080006a8       0xb8 ./Core/Src/stm32g4xx_hal_msp.o
                0x080006a8                HAL_ADC_MspInit
 .text.HAL_DAC_MspInit
                0x08000760       0x8c ./Core/Src/stm32g4xx_hal_msp.o
                0x08000760                HAL_DAC_MspInit
 .text.HAL_TIM_Base_MspInit
                0x080007ec       0x4c ./Core/Src/stm32g4xx_hal_msp.o
                0x080007ec                HAL_TIM_Base_MspInit
 .text.NMI_Handler
                0x08000838        0x8 ./Core/Src/stm32g4xx_it.o
                0x08000838                NMI_Handler
 .text.HardFault_Handler
                0x08000840        0x8 ./Core/Src/stm32g4xx_it.o
                0x08000840                HardFault_Handler
 .text.MemManage_Handler
                0x08000848        0x8 ./Core/Src/stm32g4xx_it.o
                0x08000848                MemManage_Handler
 .text.BusFault_Handler
                0x08000850        0x8 ./Core/Src/stm32g4xx_it.o
                0x08000850                BusFault_Handler
 .text.UsageFault_Handler
                0x08000858        0x8 ./Core/Src/stm32g4xx_it.o
                0x08000858                UsageFault_Handler
 .text.SVC_Handler
                0x08000860        0xe ./Core/Src/stm32g4xx_it.o
                0x08000860                SVC_Handler
 .text.DebugMon_Handler
                0x0800086e        0xe ./Core/Src/stm32g4xx_it.o
                0x0800086e                DebugMon_Handler
 .text.PendSV_Handler
                0x0800087c        0xe ./Core/Src/stm32g4xx_it.o
                0x0800087c                PendSV_Handler
 .text.SysTick_Handler
                0x0800088a        0xc ./Core/Src/stm32g4xx_it.o
                0x0800088a                SysTick_Handler
 *fill*         0x08000896        0x2 
 .text.ADC1_2_IRQHandler
                0x08000898       0x14 ./Core/Src/stm32g4xx_it.o
                0x08000898                ADC1_2_IRQHandler
 .text.EXTI15_10_IRQHandler
                0x080008ac       0x10 ./Core/Src/stm32g4xx_it.o
                0x080008ac                EXTI15_10_IRQHandler
 .text.TIM6_DAC_IRQHandler
                0x080008bc       0xd0 ./Core/Src/stm32g4xx_it.o
                0x080008bc                TIM6_DAC_IRQHandler
 .text.SystemInit
                0x0800098c       0x24 ./Core/Src/system_stm32g4xx.o
                0x0800098c                SystemInit
 .text.Reset_Handler
                0x080009b0       0x50 ./Core/Startup/startup_stm32g474retx.o
                0x080009b0                Reset_Handler
 .text.Default_Handler
                0x08000a00        0x2 ./Core/Startup/startup_stm32g474retx.o
                0x08000a00                RTC_Alarm_IRQHandler
                0x08000a00                EXTI2_IRQHandler
                0x08000a00                TIM8_TRG_COM_IRQHandler
                0x08000a00                TIM8_CC_IRQHandler
                0x08000a00                HRTIM1_Master_IRQHandler
                0x08000a00                SPI4_IRQHandler
                0x08000a00                FDCAN3_IT0_IRQHandler
                0x08000a00                TIM1_CC_IRQHandler
                0x08000a00                HRTIM1_FLT_IRQHandler
                0x08000a00                HRTIM1_TIMF_IRQHandler
                0x08000a00                USB_HP_IRQHandler
                0x08000a00                CORDIC_IRQHandler
                0x08000a00                HRTIM1_TIMD_IRQHandler
                0x08000a00                DMA2_Channel8_IRQHandler
                0x08000a00                EXTI3_IRQHandler
                0x08000a00                I2C3_ER_IRQHandler
                0x08000a00                EXTI0_IRQHandler
                0x08000a00                I2C2_EV_IRQHandler
                0x08000a00                FPU_IRQHandler
                0x08000a00                FDCAN1_IT1_IRQHandler
                0x08000a00                TIM1_UP_TIM16_IRQHandler
                0x08000a00                HRTIM1_TIME_IRQHandler
                0x08000a00                SPI1_IRQHandler
                0x08000a00                HRTIM1_TIMC_IRQHandler
                0x08000a00                TIM8_UP_IRQHandler
                0x08000a00                DMA2_Channel2_IRQHandler
                0x08000a00                DMA1_Channel4_IRQHandler
                0x08000a00                TIM20_TRG_COM_IRQHandler
                0x08000a00                USART3_IRQHandler
                0x08000a00                DMA1_Channel7_IRQHandler
                0x08000a00                UART5_IRQHandler
                0x08000a00                ADC3_IRQHandler
                0x08000a00                TIM4_IRQHandler
                0x08000a00                DMA2_Channel1_IRQHandler
                0x08000a00                QUADSPI_IRQHandler
                0x08000a00                I2C1_EV_IRQHandler
                0x08000a00                DMA1_Channel6_IRQHandler
                0x08000a00                UART4_IRQHandler
                0x08000a00                DMA2_Channel4_IRQHandler
                0x08000a00                TIM3_IRQHandler
                0x08000a00                RCC_IRQHandler
                0x08000a00                TIM20_UP_IRQHandler
                0x08000a00                DMA1_Channel1_IRQHandler
                0x08000a00                Default_Handler
                0x08000a00                DMA2_Channel7_IRQHandler
                0x08000a00                RTC_TAMP_LSECSS_IRQHandler
                0x08000a00                FMAC_IRQHandler
                0x08000a00                DMA1_Channel8_IRQHandler
                0x08000a00                HRTIM1_TIMA_IRQHandler
                0x08000a00                TIM7_DAC_IRQHandler
                0x08000a00                FDCAN3_IT1_IRQHandler
                0x08000a00                TIM5_IRQHandler
                0x08000a00                UCPD1_IRQHandler
                0x08000a00                I2C3_EV_IRQHandler
                0x08000a00                EXTI9_5_IRQHandler
                0x08000a00                RTC_WKUP_IRQHandler
                0x08000a00                PVD_PVM_IRQHandler
                0x08000a00                SPI2_IRQHandler
                0x08000a00                ADC5_IRQHandler
                0x08000a00                DMA2_Channel5_IRQHandler
                0x08000a00                CRS_IRQHandler
                0x08000a00                DMA1_Channel5_IRQHandler
                0x08000a00                USB_LP_IRQHandler
                0x08000a00                EXTI4_IRQHandler
                0x08000a00                RNG_IRQHandler
                0x08000a00                HRTIM1_TIMB_IRQHandler
                0x08000a00                TIM1_TRG_COM_TIM17_IRQHandler
                0x08000a00                FDCAN2_IT1_IRQHandler
                0x08000a00                DMA1_Channel3_IRQHandler
                0x08000a00                ADC4_IRQHandler
                0x08000a00                WWDG_IRQHandler
                0x08000a00                I2C4_EV_IRQHandler
                0x08000a00                FDCAN2_IT0_IRQHandler
                0x08000a00                LPUART1_IRQHandler
                0x08000a00                DMA2_Channel6_IRQHandler
                0x08000a00                FDCAN1_IT0_IRQHandler
                0x08000a00                TIM2_IRQHandler
                0x08000a00                COMP7_IRQHandler
                0x08000a00                COMP1_2_3_IRQHandler
                0x08000a00                EXTI1_IRQHandler
                0x08000a00                USART2_IRQHandler
                0x08000a00                COMP4_5_6_IRQHandler
                0x08000a00                TIM20_BRK_IRQHandler
                0x08000a00                I2C2_ER_IRQHandler
                0x08000a00                DMA1_Channel2_IRQHandler
                0x08000a00                TIM8_BRK_IRQHandler
                0x08000a00                FLASH_IRQHandler
                0x08000a00                TIM20_CC_IRQHandler
                0x08000a00                USART1_IRQHandler
                0x08000a00                SPI3_IRQHandler
                0x08000a00                I2C1_ER_IRQHandler
                0x08000a00                FMC_IRQHandler
                0x08000a00                LPTIM1_IRQHandler
                0x08000a00                DMAMUX_OVR_IRQHandler
                0x08000a00                I2C4_ER_IRQHandler
                0x08000a00                USBWakeUp_IRQHandler
                0x08000a00                SAI1_IRQHandler
                0x08000a00                DMA2_Channel3_IRQHandler
                0x08000a00                TIM1_BRK_TIM15_IRQHandler
 .text.HAL_Init
                0x08000a02       0x30 ./Drivers/STM32G4xx_HAL_Driver/Src/stm32g4xx_hal.o
                0x08000a02                HAL_Init
 *fill*         0x08000a32        0x2 
 .text.HAL_InitTick
                0x08000a34       0x74 ./Drivers/STM32G4xx_HAL_Driver/Src/stm32g4xx_hal.o
                0x08000a34                HAL_InitTick
 .text.HAL_IncTick
                0x08000aa8       0x24 ./Drivers/STM32G4xx_HAL_Driver/Src/stm32g4xx_hal.o
                0x08000aa8                HAL_IncTick
 .text.HAL_GetTick
                0x08000acc       0x18 ./Drivers/STM32G4xx_HAL_Driver/Src/stm32g4xx_hal.o
                0x08000acc                HAL_GetTick
 .text.LL_ADC_SetCommonClock
                0x08000ae4       0x26 ./Drivers/STM32G4xx_HAL_Driver/Src/stm32g4xx_hal_adc.o
 .text.LL_ADC_GetCommonPathInternalCh
                0x08000b0a       0x1c ./Drivers/STM32G4xx_HAL_Driver/Src/stm32g4xx_hal_adc.o
 .text.LL_ADC_REG_IsTriggerSourceSWStart
                0x08000b26       0x26 ./Drivers/STM32G4xx_HAL_Driver/Src/stm32g4xx_hal_adc.o
 .text.LL_ADC_INJ_IsTriggerSourceSWStart
                0x08000b4c       0x26 ./Drivers/STM32G4xx_HAL_Driver/Src/stm32g4xx_hal_adc.o
 .text.LL_ADC_GetMultimode
                0x08000b72       0x1c ./Drivers/STM32G4xx_HAL_Driver/Src/stm32g4xx_hal_adc.o
 .text.LL_ADC_GetMultiDMATransfer
                0x08000b8e       0x1c ./Drivers/STM32G4xx_HAL_Driver/Src/stm32g4xx_hal_adc.o
 .text.LL_ADC_DisableDeepPowerDown
                0x08000baa       0x24 ./Drivers/STM32G4xx_HAL_Driver/Src/stm32g4xx_hal_adc.o
 .text.LL_ADC_IsDeepPowerDownEnabled
                0x08000bce       0x28 ./Drivers/STM32G4xx_HAL_Driver/Src/stm32g4xx_hal_adc.o
 .text.LL_ADC_EnableInternalRegulator
                0x08000bf6       0x28 ./Drivers/STM32G4xx_HAL_Driver/Src/stm32g4xx_hal_adc.o
 .text.LL_ADC_IsInternalRegulatorEnabled
                0x08000c1e       0x28 ./Drivers/STM32G4xx_HAL_Driver/Src/stm32g4xx_hal_adc.o
 .text.LL_ADC_Enable
                0x08000c46       0x28 ./Drivers/STM32G4xx_HAL_Driver/Src/stm32g4xx_hal_adc.o
 .text.LL_ADC_IsEnabled
                0x08000c6e       0x26 ./Drivers/STM32G4xx_HAL_Driver/Src/stm32g4xx_hal_adc.o
 .text.LL_ADC_REG_StartConversion
                0x08000c94       0x28 ./Drivers/STM32G4xx_HAL_Driver/Src/stm32g4xx_hal_adc.o
 .text.LL_ADC_REG_IsConversionOngoing
                0x08000cbc       0x26 ./Drivers/STM32G4xx_HAL_Driver/Src/stm32g4xx_hal_adc.o
 .text.LL_ADC_INJ_IsConversionOngoing
                0x08000ce2       0x26 ./Drivers/STM32G4xx_HAL_Driver/Src/stm32g4xx_hal_adc.o
 .text.HAL_ADC_Init
                0x08000d08      0x378 ./Drivers/STM32G4xx_HAL_Driver/Src/stm32g4xx_hal_adc.o
                0x08000d08                HAL_ADC_Init
 .text.HAL_ADC_Start
                0x08001080      0x1c8 ./Drivers/STM32G4xx_HAL_Driver/Src/stm32g4xx_hal_adc.o
                0x08001080                HAL_ADC_Start
 .text.HAL_ADC_GetValue
                0x08001248       0x1a ./Drivers/STM32G4xx_HAL_Driver/Src/stm32g4xx_hal_adc.o
                0x08001248                HAL_ADC_GetValue
 *fill*         0x08001262        0x2 
 .text.HAL_ADC_IRQHandler
                0x08001264      0x4c0 ./Drivers/STM32G4xx_HAL_Driver/Src/stm32g4xx_hal_adc.o
                0x08001264                HAL_ADC_IRQHandler
 .text.HAL_ADC_ConvCpltCallback
                0x08001724       0x14 ./Drivers/STM32G4xx_HAL_Driver/Src/stm32g4xx_hal_adc.o
                0x08001724                HAL_ADC_ConvCpltCallback
 .text.HAL_ADC_LevelOutOfWindowCallback
                0x08001738       0x14 ./Drivers/STM32G4xx_HAL_Driver/Src/stm32g4xx_hal_adc.o
                0x08001738                HAL_ADC_LevelOutOfWindowCallback
 .text.HAL_ADC_ErrorCallback
                0x0800174c       0x14 ./Drivers/STM32G4xx_HAL_Driver/Src/stm32g4xx_hal_adc.o
                0x0800174c                HAL_ADC_ErrorCallback
 .text.ADC_Enable
                0x08001760      0x12c ./Drivers/STM32G4xx_HAL_Driver/Src/stm32g4xx_hal_adc.o
                0x08001760                ADC_Enable
 .text.LL_ADC_IsEnabled
                0x0800188c       0x26 ./Drivers/STM32G4xx_HAL_Driver/Src/stm32g4xx_hal_adc_ex.o
 .text.LL_ADC_REG_IsConversionOngoing
                0x080018b2       0x26 ./Drivers/STM32G4xx_HAL_Driver/Src/stm32g4xx_hal_adc_ex.o
 .text.HAL_ADCEx_InjectedConvCpltCallback
                0x080018d8       0x14 ./Drivers/STM32G4xx_HAL_Driver/Src/stm32g4xx_hal_adc_ex.o
                0x080018d8                HAL_ADCEx_InjectedConvCpltCallback
 .text.HAL_ADCEx_InjectedQueueOverflowCallback
                0x080018ec       0x14 ./Drivers/STM32G4xx_HAL_Driver/Src/stm32g4xx_hal_adc_ex.o
                0x080018ec                HAL_ADCEx_InjectedQueueOverflowCallback
 .text.HAL_ADCEx_LevelOutOfWindow2Callback
                0x08001900       0x14 ./Drivers/STM32G4xx_HAL_Driver/Src/stm32g4xx_hal_adc_ex.o
                0x08001900                HAL_ADCEx_LevelOutOfWindow2Callback
 .text.HAL_ADCEx_LevelOutOfWindow3Callback
                0x08001914       0x14 ./Drivers/STM32G4xx_HAL_Driver/Src/stm32g4xx_hal_adc_ex.o
                0x08001914                HAL_ADCEx_LevelOutOfWindow3Callback
 .text.HAL_ADCEx_EndOfSamplingCallback
                0x08001928       0x14 ./Drivers/STM32G4xx_HAL_Driver/Src/stm32g4xx_hal_adc_ex.o
                0x08001928                HAL_ADCEx_EndOfSamplingCallback
 .text.HAL_ADCEx_MultiModeConfigChannel
                0x0800193c      0x210 ./Drivers/STM32G4xx_HAL_Driver/Src/stm32g4xx_hal_adc_ex.o
                0x0800193c                HAL_ADCEx_MultiModeConfigChannel
 .text.__NVIC_SetPriorityGrouping
                0x08001b4c       0x48 ./Drivers/STM32G4xx_HAL_Driver/Src/stm32g4xx_hal_cortex.o
 .text.__NVIC_GetPriorityGrouping
                0x08001b94       0x1c ./Drivers/STM32G4xx_HAL_Driver/Src/stm32g4xx_hal_cortex.o
 .text.__NVIC_EnableIRQ
                0x08001bb0       0x3c ./Drivers/STM32G4xx_HAL_Driver/Src/stm32g4xx_hal_cortex.o
 .text.__NVIC_SetPriority
                0x08001bec       0x54 ./Drivers/STM32G4xx_HAL_Driver/Src/stm32g4xx_hal_cortex.o
 .text.NVIC_EncodePriority
                0x08001c40       0x66 ./Drivers/STM32G4xx_HAL_Driver/Src/stm32g4xx_hal_cortex.o
 *fill*         0x08001ca6        0x2 
 .text.SysTick_Config
                0x08001ca8       0x44 ./Drivers/STM32G4xx_HAL_Driver/Src/stm32g4xx_hal_cortex.o
 .text.HAL_NVIC_SetPriorityGrouping
                0x08001cec       0x16 ./Drivers/STM32G4xx_HAL_Driver/Src/stm32g4xx_hal_cortex.o
                0x08001cec                HAL_NVIC_SetPriorityGrouping
 .text.HAL_NVIC_SetPriority
                0x08001d02       0x34 ./Drivers/STM32G4xx_HAL_Driver/Src/stm32g4xx_hal_cortex.o
                0x08001d02                HAL_NVIC_SetPriority
 .text.HAL_NVIC_EnableIRQ
                0x08001d36       0x1c ./Drivers/STM32G4xx_HAL_Driver/Src/stm32g4xx_hal_cortex.o
                0x08001d36                HAL_NVIC_EnableIRQ
 .text.HAL_SYSTICK_Config
                0x08001d52       0x18 ./Drivers/STM32G4xx_HAL_Driver/Src/stm32g4xx_hal_cortex.o
                0x08001d52                HAL_SYSTICK_Config
 .text.HAL_DAC_Init
                0x08001d6a       0x44 ./Drivers/STM32G4xx_HAL_Driver/Src/stm32g4xx_hal_dac.o
                0x08001d6a                HAL_DAC_Init
 *fill*         0x08001dae        0x2 
 .text.HAL_DAC_Start
                0x08001db0       0xd8 ./Drivers/STM32G4xx_HAL_Driver/Src/stm32g4xx_hal_dac.o
                0x08001db0                HAL_DAC_Start
 .text.HAL_DAC_IRQHandler
                0x08001e88       0xac ./Drivers/STM32G4xx_HAL_Driver/Src/stm32g4xx_hal_dac.o
                0x08001e88                HAL_DAC_IRQHandler
 .text.HAL_DAC_SetValue
                0x08001f34       0x5a ./Drivers/STM32G4xx_HAL_Driver/Src/stm32g4xx_hal_dac.o
                0x08001f34                HAL_DAC_SetValue
 .text.HAL_DAC_DMAUnderrunCallbackCh1
                0x08001f8e       0x14 ./Drivers/STM32G4xx_HAL_Driver/Src/stm32g4xx_hal_dac.o
                0x08001f8e                HAL_DAC_DMAUnderrunCallbackCh1
 *fill*         0x08001fa2        0x2 
 .text.HAL_DAC_ConfigChannel
                0x08001fa4      0x374 ./Drivers/STM32G4xx_HAL_Driver/Src/stm32g4xx_hal_dac.o
                0x08001fa4                HAL_DAC_ConfigChannel
 .text.HAL_DACEx_DMAUnderrunCallbackCh2
                0x08002318       0x14 ./Drivers/STM32G4xx_HAL_Driver/Src/stm32g4xx_hal_dac_ex.o
                0x08002318                HAL_DACEx_DMAUnderrunCallbackCh2
 .text.HAL_GPIO_Init
                0x0800232c      0x304 ./Drivers/STM32G4xx_HAL_Driver/Src/stm32g4xx_hal_gpio.o
                0x0800232c                HAL_GPIO_Init
 .text.HAL_GPIO_WritePin
                0x08002630       0x30 ./Drivers/STM32G4xx_HAL_Driver/Src/stm32g4xx_hal_gpio.o
                0x08002630                HAL_GPIO_WritePin
 .text.HAL_GPIO_EXTI_IRQHandler
                0x08002660       0x30 ./Drivers/STM32G4xx_HAL_Driver/Src/stm32g4xx_hal_gpio.o
                0x08002660                HAL_GPIO_EXTI_IRQHandler
 .text.HAL_GPIO_EXTI_Callback
                0x08002690       0x16 ./Drivers/STM32G4xx_HAL_Driver/Src/stm32g4xx_hal_gpio.o
                0x08002690                HAL_GPIO_EXTI_Callback
 *fill*         0x080026a6        0x2 
 .text.HAL_PWREx_ControlVoltageScaling
                0x080026a8      0x148 ./Drivers/STM32G4xx_HAL_Driver/Src/stm32g4xx_hal_pwr_ex.o
                0x080026a8                HAL_PWREx_ControlVoltageScaling
 .text.HAL_PWREx_DisableUCPDDeadBattery
                0x080027f0       0x20 ./Drivers/STM32G4xx_HAL_Driver/Src/stm32g4xx_hal_pwr_ex.o
                0x080027f0                HAL_PWREx_DisableUCPDDeadBattery
 .text.HAL_RCC_OscConfig
                0x08002810      0x624 ./Drivers/STM32G4xx_HAL_Driver/Src/stm32g4xx_hal_rcc.o
                0x08002810                HAL_RCC_OscConfig
 .text.HAL_RCC_ClockConfig
                0x08002e34      0x278 ./Drivers/STM32G4xx_HAL_Driver/Src/stm32g4xx_hal_rcc.o
                0x08002e34                HAL_RCC_ClockConfig
 .text.HAL_RCC_GetSysClockFreq
                0x080030ac       0xc4 ./Drivers/STM32G4xx_HAL_Driver/Src/stm32g4xx_hal_rcc.o
                0x080030ac                HAL_RCC_GetSysClockFreq
 .text.HAL_RCC_GetHCLKFreq
                0x08003170       0x18 ./Drivers/STM32G4xx_HAL_Driver/Src/stm32g4xx_hal_rcc.o
                0x08003170                HAL_RCC_GetHCLKFreq
 .text.RCC_GetSysClockFreqFromPLLSource
                0x08003188       0x8c ./Drivers/STM32G4xx_HAL_Driver/Src/stm32g4xx_hal_rcc.o
 .text.HAL_RCCEx_PeriphCLKConfig
                0x08003214      0x49c ./Drivers/STM32G4xx_HAL_Driver/Src/stm32g4xx_hal_rcc_ex.o
                0x08003214                HAL_RCCEx_PeriphCLKConfig
 .text.HAL_TIM_Base_Init
                0x080036b0       0xae ./Drivers/STM32G4xx_HAL_Driver/Src/stm32g4xx_hal_tim.o
                0x080036b0                HAL_TIM_Base_Init
 *fill*         0x0800375e        0x2 
 .text.HAL_TIM_Base_Start_IT
                0x08003760       0xf0 ./Drivers/STM32G4xx_HAL_Driver/Src/stm32g4xx_hal_tim.o
                0x08003760                HAL_TIM_Base_Start_IT
 .text.HAL_TIM_IRQHandler
                0x08003850      0x29e ./Drivers/STM32G4xx_HAL_Driver/Src/stm32g4xx_hal_tim.o
                0x08003850                HAL_TIM_IRQHandler
 .text.HAL_TIM_PeriodElapsedCallback
                0x08003aee       0x14 ./Drivers/STM32G4xx_HAL_Driver/Src/stm32g4xx_hal_tim.o
                0x08003aee                HAL_TIM_PeriodElapsedCallback
 .text.HAL_TIM_OC_DelayElapsedCallback
                0x08003b02       0x14 ./Drivers/STM32G4xx_HAL_Driver/Src/stm32g4xx_hal_tim.o
                0x08003b02                HAL_TIM_OC_DelayElapsedCallback
 .text.HAL_TIM_IC_CaptureCallback
                0x08003b16       0x14 ./Drivers/STM32G4xx_HAL_Driver/Src/stm32g4xx_hal_tim.o
                0x08003b16                HAL_TIM_IC_CaptureCallback
 .text.HAL_TIM_PWM_PulseFinishedCallback
                0x08003b2a       0x14 ./Drivers/STM32G4xx_HAL_Driver/Src/stm32g4xx_hal_tim.o
                0x08003b2a                HAL_TIM_PWM_PulseFinishedCallback
 .text.HAL_TIM_TriggerCallback
                0x08003b3e       0x14 ./Drivers/STM32G4xx_HAL_Driver/Src/stm32g4xx_hal_tim.o
                0x08003b3e                HAL_TIM_TriggerCallback
 *fill*         0x08003b52        0x2 
 .text.TIM_Base_SetConfig
                0x08003b54      0x168 ./Drivers/STM32G4xx_HAL_Driver/Src/stm32g4xx_hal_tim.o
                0x08003b54                TIM_Base_SetConfig
 .text.HAL_TIMEx_MasterConfigSynchronization
                0x08003cbc      0x12c ./Drivers/STM32G4xx_HAL_Driver/Src/stm32g4xx_hal_tim_ex.o
                0x08003cbc                HAL_TIMEx_MasterConfigSynchronization
 .text.HAL_TIMEx_CommutCallback
                0x08003de8       0x14 ./Drivers/STM32G4xx_HAL_Driver/Src/stm32g4xx_hal_tim_ex.o
                0x08003de8                HAL_TIMEx_CommutCallback
 .text.HAL_TIMEx_BreakCallback
                0x08003dfc       0x14 ./Drivers/STM32G4xx_HAL_Driver/Src/stm32g4xx_hal_tim_ex.o
                0x08003dfc                HAL_TIMEx_BreakCallback
 .text.HAL_TIMEx_Break2Callback
                0x08003e10       0x14 ./Drivers/STM32G4xx_HAL_Driver/Src/stm32g4xx_hal_tim_ex.o
                0x08003e10                HAL_TIMEx_Break2Callback
 .text.HAL_TIMEx_EncoderIndexCallback
                0x08003e24       0x14 ./Drivers/STM32G4xx_HAL_Driver/Src/stm32g4xx_hal_tim_ex.o
                0x08003e24                HAL_TIMEx_EncoderIndexCallback
 .text.HAL_TIMEx_DirectionChangeCallback
                0x08003e38       0x14 ./Drivers/STM32G4xx_HAL_Driver/Src/stm32g4xx_hal_tim_ex.o
                0x08003e38                HAL_TIMEx_DirectionChangeCallback
 .text.HAL_TIMEx_IndexErrorCallback
                0x08003e4c       0x14 ./Drivers/STM32G4xx_HAL_Driver/Src/stm32g4xx_hal_tim_ex.o
                0x08003e4c                HAL_TIMEx_IndexErrorCallback
 .text.HAL_TIMEx_TransitionErrorCallback
                0x08003e60       0x14 ./Drivers/STM32G4xx_HAL_Driver/Src/stm32g4xx_hal_tim_ex.o
                0x08003e60                HAL_TIMEx_TransitionErrorCallback
 .text.memset   0x08003e74       0x10 V:/Prajwal/Softwares/ESPS/STM32CubeIDE_1.18.1/STM32CubeIDE/plugins/com.st.stm32cube.ide.mcu.externaltools.gnu-tools-for-stm32.13.3.rel1.win32_1.0.0.202411081344/tools/bin/../lib/gcc/arm-none-eabi/13.3.1/../../../../arm-none-eabi/lib/thumb/v7e-m+fp/hard\libc_nano.a(libc_a-memset.o)
                0x08003e74                memset
 .text.__libc_init_array
                0x08003e84       0x48 V:/Prajwal/Softwares/ESPS/STM32CubeIDE_1.18.1/STM32CubeIDE/plugins/com.st.stm32cube.ide.mcu.externaltools.gnu-tools-for-stm32.13.3.rel1.win32_1.0.0.202411081344/tools/bin/../lib/gcc/arm-none-eabi/13.3.1/../../../../arm-none-eabi/lib/thumb/v7e-m+fp/hard\libc_nano.a(libc_a-init.o)
                0x08003e84                __libc_init_array
 *(.glue_7)
 .glue_7        0x08003ecc        0x0 linker stubs
 *(.glue_7t)
 .glue_7t       0x08003ecc        0x0 linker stubs
 *(.eh_frame)
 .eh_frame      0x08003ecc        0x0 V:/Prajwal/Softwares/ESPS/STM32CubeIDE_1.18.1/STM32CubeIDE/plugins/com.st.stm32cube.ide.mcu.externaltools.gnu-tools-for-stm32.13.3.rel1.win32_1.0.0.202411081344/tools/bin/../lib/gcc/arm-none-eabi/13.3.1/thumb/v7e-m+fp/hard/crtbegin.o
 *(.init)
 .init          0x08003ecc        0x4 V:/Prajwal/Softwares/ESPS/STM32CubeIDE_1.18.1/STM32CubeIDE/plugins/com.st.stm32cube.ide.mcu.externaltools.gnu-tools-for-stm32.13.3.rel1.win32_1.0.0.202411081344/tools/bin/../lib/gcc/arm-none-eabi/13.3.1/thumb/v7e-m+fp/hard/crti.o
                0x08003ecc                _init
 .init          0x08003ed0        0x8 V:/Prajwal/Softwares/ESPS/STM32CubeIDE_1.18.1/STM32CubeIDE/plugins/com.st.stm32cube.ide.mcu.externaltools.gnu-tools-for-stm32.13.3.rel1.win32_1.0.0.202411081344/tools/bin/../lib/gcc/arm-none-eabi/13.3.1/thumb/v7e-m+fp/hard/crtn.o
 *(.fini)
 .fini          0x08003ed8        0x4 V:/Prajwal/Softwares/ESPS/STM32CubeIDE_1.18.1/STM32CubeIDE/plugins/com.st.stm32cube.ide.mcu.externaltools.gnu-tools-for-stm32.13.3.rel1.win32_1.0.0.202411081344/tools/bin/../lib/gcc/arm-none-eabi/13.3.1/thumb/v7e-m+fp/hard/crti.o
                0x08003ed8                _fini
 .fini          0x08003edc        0x8 V:/Prajwal/Softwares/ESPS/STM32CubeIDE_1.18.1/STM32CubeIDE/plugins/com.st.stm32cube.ide.mcu.externaltools.gnu-tools-for-stm32.13.3.rel1.win32_1.0.0.202411081344/tools/bin/../lib/gcc/arm-none-eabi/13.3.1/thumb/v7e-m+fp/hard/crtn.o
                0x08003ee4                        . = ALIGN (0x4)
                0x08003ee4                        _etext = .

.vfp11_veneer   0x08003ee4        0x0
 .vfp11_veneer  0x08003ee4        0x0 linker stubs

.v4_bx          0x08003ee4        0x0
 .v4_bx         0x08003ee4        0x0 linker stubs

.iplt           0x08003ee4        0x0
 .iplt          0x08003ee4        0x0 V:/Prajwal/Softwares/ESPS/STM32CubeIDE_1.18.1/STM32CubeIDE/plugins/com.st.stm32cube.ide.mcu.externaltools.gnu-tools-for-stm32.13.3.rel1.win32_1.0.0.202411081344/tools/bin/../lib/gcc/arm-none-eabi/13.3.1/thumb/v7e-m+fp/hard/crtbegin.o

.rodata         0x08003ee4      0x110
                0x08003ee4                        . = ALIGN (0x4)
 *(.rodata)
 *(.rodata*)
 .rodata.fir_coeffs
                0x08003ee4      0x100 ./Core/Src/fir_coeffs.o
                0x08003ee4                fir_coeffs
 .rodata.AHBPrescTable
                0x08003fe4       0x10 ./Core/Src/system_stm32g4xx.o
                0x08003fe4                AHBPrescTable
                0x08003ff4                        . = ALIGN (0x4)

.ARM.extab      0x08003ff4        0x0
                0x08003ff4                        . = ALIGN (0x4)
 *(.ARM.extab* .gnu.linkonce.armextab.*)
                0x08003ff4                        . = ALIGN (0x4)

.ARM            0x08003ff4        0x0
                0x08003ff4                        . = ALIGN (0x4)
                0x08003ff4                        __exidx_start = .
 *(.ARM.exidx*)
                0x08003ff4                        __exidx_end = .
                0x08003ff4                        . = ALIGN (0x4)

.preinit_array  0x08003ff4        0x0
                0x08003ff4                        . = ALIGN (0x4)
                0x08003ff4                        PROVIDE (__preinit_array_start = .)
 *(.preinit_array*)
                0x08003ff4                        PROVIDE (__preinit_array_end = .)
                0x08003ff4                        . = ALIGN (0x4)

.init_array     0x08003ff4        0x4
                0x08003ff4                        . = ALIGN (0x4)
                0x08003ff4                        PROVIDE (__init_array_start = .)
 *(SORT_BY_NAME(.init_array.*))
 *(.init_array*)
 .init_array    0x08003ff4        0x4 V:/Prajwal/Softwares/ESPS/STM32CubeIDE_1.18.1/STM32CubeIDE/plugins/com.st.stm32cube.ide.mcu.externaltools.gnu-tools-for-stm32.13.3.rel1.win32_1.0.0.202411081344/tools/bin/../lib/gcc/arm-none-eabi/13.3.1/thumb/v7e-m+fp/hard/crtbegin.o
                0x08003ff8                        PROVIDE (__init_array_end = .)
                0x08003ff8                        . = ALIGN (0x4)

.fini_array     0x08003ff8        0x4
                0x08003ff8                        . = ALIGN (0x4)
                [!provide]                        PROVIDE (__fini_array_start = .)
 *(SORT_BY_NAME(.fini_array.*))
 *(.fini_array*)
 .fini_array    0x08003ff8        0x4 V:/Prajwal/Softwares/ESPS/STM32CubeIDE_1.18.1/STM32CubeIDE/plugins/com.st.stm32cube.ide.mcu.externaltools.gnu-tools-for-stm32.13.3.rel1.win32_1.0.0.202411081344/tools/bin/../lib/gcc/arm-none-eabi/13.3.1/thumb/v7e-m+fp/hard/crtbegin.o
                [!provide]                        PROVIDE (__fini_array_end = .)
                0x08003ffc                        . = ALIGN (0x4)
                0x08003ffc                        _sidata = LOADADDR (.data)

.rel.dyn        0x08003ffc        0x0
 .rel.iplt      0x08003ffc        0x0 V:/Prajwal/Softwares/ESPS/STM32CubeIDE_1.18.1/STM32CubeIDE/plugins/com.st.stm32cube.ide.mcu.externaltools.gnu-tools-for-stm32.13.3.rel1.win32_1.0.0.202411081344/tools/bin/../lib/gcc/arm-none-eabi/13.3.1/thumb/v7e-m+fp/hard/crtbegin.o

.data           0x20000000        0xc load address 0x08003ffc
                0x20000000                        . = ALIGN (0x4)
                0x20000000                        _sdata = .
 *(.data)
 *(.data*)
 .data.SystemCoreClock
                0x20000000        0x4 ./Core/Src/system_stm32g4xx.o
                0x20000000                SystemCoreClock
 .data.uwTickPrio
                0x20000004        0x4 ./Drivers/STM32G4xx_HAL_Driver/Src/stm32g4xx_hal.o
                0x20000004                uwTickPrio
 .data.uwTickFreq
                0x20000008        0x4 ./Drivers/STM32G4xx_HAL_Driver/Src/stm32g4xx_hal.o
                0x20000008                uwTickFreq
 *(.RamFunc)
 *(.RamFunc*)
                0x2000000c                        . = ALIGN (0x4)
                0x2000000c                        _edata = .

.igot.plt       0x2000000c        0x0 load address 0x08004008
 .igot.plt      0x2000000c        0x0 V:/Prajwal/Softwares/ESPS/STM32CubeIDE_1.18.1/STM32CubeIDE/plugins/com.st.stm32cube.ide.mcu.externaltools.gnu-tools-for-stm32.13.3.rel1.win32_1.0.0.202411081344/tools/bin/../lib/gcc/arm-none-eabi/13.3.1/thumb/v7e-m+fp/hard/crtbegin.o
                0x2000000c                        . = ALIGN (0x4)

.bss            0x2000000c      0x1f0 load address 0x08004008
                0x2000000c                        _sbss = .
                0x2000000c                        __bss_start__ = _sbss
 *(.bss)
 .bss           0x2000000c       0x1c V:/Prajwal/Softwares/ESPS/STM32CubeIDE_1.18.1/STM32CubeIDE/plugins/com.st.stm32cube.ide.mcu.externaltools.gnu-tools-for-stm32.13.3.rel1.win32_1.0.0.202411081344/tools/bin/../lib/gcc/arm-none-eabi/13.3.1/thumb/v7e-m+fp/hard/crtbegin.o
 *(.bss*)
 .bss.circ_buf  0x20000028      0x100 ./Core/Src/fir_circullar_buffer.o
                0x20000028                circ_buf
 .bss.circ_index
                0x20000128        0x2 ./Core/Src/fir_circullar_buffer.o
                0x20000128                circ_index
 *fill*         0x2000012a        0x2 
 .bss.hadc1     0x2000012c       0x6c ./Core/Src/main.o
                0x2000012c                hadc1
 .bss.hdac1     0x20000198       0x14 ./Core/Src/main.o
                0x20000198                hdac1
 .bss.htim6     0x200001ac       0x4c ./Core/Src/main.o
                0x200001ac                htim6
 .bss.uwTick    0x200001f8        0x4 ./Drivers/STM32G4xx_HAL_Driver/Src/stm32g4xx_hal.o
                0x200001f8                uwTick
 *(COMMON)
                0x200001fc                        . = ALIGN (0x4)
                0x200001fc                        _ebss = .
                0x200001fc                        __bss_end__ = _ebss

._user_heap_stack
                0x200001fc      0x604 load address 0x08004008
                0x20000200                        . = ALIGN (0x8)
 *fill*         0x200001fc        0x4 
                [!provide]                        PROVIDE (end = .)
                0x20000200                        PROVIDE (_end = .)
                0x20000400                        . = (. + _Min_Heap_Size)
 *fill*         0x20000200      0x200 
                0x20000800                        . = (. + _Min_Stack_Size)
 *fill*         0x20000400      0x400 
                0x20000800                        . = ALIGN (0x8)

/DISCARD/
 libc.a(*)
 libm.a(*)
 libgcc.a(*)

.ARM.attributes
                0x00000000       0x30
 *(.ARM.attributes)
 .ARM.attributes
                0x00000000       0x22 V:/Prajwal/Softwares/ESPS/STM32CubeIDE_1.18.1/STM32CubeIDE/plugins/com.st.stm32cube.ide.mcu.externaltools.gnu-tools-for-stm32.13.3.rel1.win32_1.0.0.202411081344/tools/bin/../lib/gcc/arm-none-eabi/13.3.1/thumb/v7e-m+fp/hard/crti.o
 .ARM.attributes
                0x00000022       0x34 V:/Prajwal/Softwares/ESPS/STM32CubeIDE_1.18.1/STM32CubeIDE/plugins/com.st.stm32cube.ide.mcu.externaltools.gnu-tools-for-stm32.13.3.rel1.win32_1.0.0.202411081344/tools/bin/../lib/gcc/arm-none-eabi/13.3.1/thumb/v7e-m+fp/hard/crtbegin.o
 .ARM.attributes
                0x00000056       0x34 ./Core/Src/fir_circullar_buffer.o
 .ARM.attributes
                0x0000008a       0x34 ./Core/Src/fir_coeffs.o
 .ARM.attributes
                0x000000be       0x34 ./Core/Src/main.o
 .ARM.attributes
                0x000000f2       0x34 ./Core/Src/stm32g4xx_hal_msp.o
 .ARM.attributes
                0x00000126       0x34 ./Core/Src/stm32g4xx_it.o
 .ARM.attributes
                0x0000015a       0x34 ./Core/Src/system_stm32g4xx.o
 .ARM.attributes
                0x0000018e       0x21 ./Core/Startup/startup_stm32g474retx.o
 .ARM.attributes
                0x000001af       0x34 ./Drivers/STM32G4xx_HAL_Driver/Src/stm32g4xx_hal.o
 .ARM.attributes
                0x000001e3       0x34 ./Drivers/STM32G4xx_HAL_Driver/Src/stm32g4xx_hal_adc.o
 .ARM.attributes
                0x00000217       0x34 ./Drivers/STM32G4xx_HAL_Driver/Src/stm32g4xx_hal_adc_ex.o
 .ARM.attributes
                0x0000024b       0x34 ./Drivers/STM32G4xx_HAL_Driver/Src/stm32g4xx_hal_cortex.o
 .ARM.attributes
                0x0000027f       0x34 ./Drivers/STM32G4xx_HAL_Driver/Src/stm32g4xx_hal_dac.o
 .ARM.attributes
                0x000002b3       0x34 ./Drivers/STM32G4xx_HAL_Driver/Src/stm32g4xx_hal_dac_ex.o
 .ARM.attributes
                0x000002e7       0x34 ./Drivers/STM32G4xx_HAL_Driver/Src/stm32g4xx_hal_gpio.o
 .ARM.attributes
                0x0000031b       0x34 ./Drivers/STM32G4xx_HAL_Driver/Src/stm32g4xx_hal_pwr_ex.o
 .ARM.attributes
                0x0000034f       0x34 ./Drivers/STM32G4xx_HAL_Driver/Src/stm32g4xx_hal_rcc.o
 .ARM.attributes
                0x00000383       0x34 ./Drivers/STM32G4xx_HAL_Driver/Src/stm32g4xx_hal_rcc_ex.o
 .ARM.attributes
                0x000003b7       0x34 ./Drivers/STM32G4xx_HAL_Driver/Src/stm32g4xx_hal_tim.o
 .ARM.attributes
                0x000003eb       0x34 ./Drivers/STM32G4xx_HAL_Driver/Src/stm32g4xx_hal_tim_ex.o
 .ARM.attributes
                0x0000041f       0x34 V:/Prajwal/Softwares/ESPS/STM32CubeIDE_1.18.1/STM32CubeIDE/plugins/com.st.stm32cube.ide.mcu.externaltools.gnu-tools-for-stm32.13.3.rel1.win32_1.0.0.202411081344/tools/bin/../lib/gcc/arm-none-eabi/13.3.1/../../../../arm-none-eabi/lib/thumb/v7e-m+fp/hard\libc_nano.a(libc_a-memset.o)
 .ARM.attributes
                0x00000453       0x34 V:/Prajwal/Softwares/ESPS/STM32CubeIDE_1.18.1/STM32CubeIDE/plugins/com.st.stm32cube.ide.mcu.externaltools.gnu-tools-for-stm32.13.3.rel1.win32_1.0.0.202411081344/tools/bin/../lib/gcc/arm-none-eabi/13.3.1/../../../../arm-none-eabi/lib/thumb/v7e-m+fp/hard\libc_nano.a(libc_a-init.o)
 .ARM.attributes
                0x00000487       0x22 V:/Prajwal/Softwares/ESPS/STM32CubeIDE_1.18.1/STM32CubeIDE/plugins/com.st.stm32cube.ide.mcu.externaltools.gnu-tools-for-stm32.13.3.rel1.win32_1.0.0.202411081344/tools/bin/../lib/gcc/arm-none-eabi/13.3.1/thumb/v7e-m+fp/hard/crtn.o
OUTPUT(ESPSLab3_2.elf elf32-littlearm)
LOAD linker stubs
LOAD V:/Prajwal/Softwares/ESPS/STM32CubeIDE_1.18.1/STM32CubeIDE/plugins/com.st.stm32cube.ide.mcu.externaltools.gnu-tools-for-stm32.13.3.rel1.win32_1.0.0.202411081344/tools/bin/../lib/gcc/arm-none-eabi/13.3.1/../../../../arm-none-eabi/lib/thumb/v7e-m+fp/hard\libc.a
LOAD V:/Prajwal/Softwares/ESPS/STM32CubeIDE_1.18.1/STM32CubeIDE/plugins/com.st.stm32cube.ide.mcu.externaltools.gnu-tools-for-stm32.13.3.rel1.win32_1.0.0.202411081344/tools/bin/../lib/gcc/arm-none-eabi/13.3.1/../../../../arm-none-eabi/lib/thumb/v7e-m+fp/hard\libm.a
LOAD V:/Prajwal/Softwares/ESPS/STM32CubeIDE_1.18.1/STM32CubeIDE/plugins/com.st.stm32cube.ide.mcu.externaltools.gnu-tools-for-stm32.13.3.rel1.win32_1.0.0.202411081344/tools/bin/../lib/gcc/arm-none-eabi/13.3.1/thumb/v7e-m+fp/hard\libgcc.a

.debug_info     0x00000000    0x12e9a
 .debug_info    0x00000000      0x14d ./Core/Src/fir_circullar_buffer.o
 .debug_info    0x0000014d       0x63 ./Core/Src/fir_coeffs.o
 .debug_info    0x000001b0     0x1ab3 ./Core/Src/main.o
 .debug_info    0x00001c63     0x17ef ./Core/Src/stm32g4xx_hal_msp.o
 .debug_info    0x00003452     0x103b ./Core/Src/stm32g4xx_it.o
 .debug_info    0x0000448d      0x58e ./Core/Src/system_stm32g4xx.o
 .debug_info    0x00004a1b       0x30 ./Core/Startup/startup_stm32g474retx.o
 .debug_info    0x00004a4b      0xb95 ./Drivers/STM32G4xx_HAL_Driver/Src/stm32g4xx_hal.o
 .debug_info    0x000055e0     0x2063 ./Drivers/STM32G4xx_HAL_Driver/Src/stm32g4xx_hal_adc.o
 .debug_info    0x00007643     0x1d80 ./Drivers/STM32G4xx_HAL_Driver/Src/stm32g4xx_hal_adc_ex.o
 .debug_info    0x000093c3      0xdf9 ./Drivers/STM32G4xx_HAL_Driver/Src/stm32g4xx_hal_cortex.o
 .debug_info    0x0000a1bc      0xcbc ./Drivers/STM32G4xx_HAL_Driver/Src/stm32g4xx_hal_dac.o
 .debug_info    0x0000ae78      0xd74 ./Drivers/STM32G4xx_HAL_Driver/Src/stm32g4xx_hal_dac_ex.o
 .debug_info    0x0000bbec      0x763 ./Drivers/STM32G4xx_HAL_Driver/Src/stm32g4xx_hal_gpio.o
 .debug_info    0x0000c34f      0x93f ./Drivers/STM32G4xx_HAL_Driver/Src/stm32g4xx_hal_pwr_ex.o
 .debug_info    0x0000cc8e      0xbe0 ./Drivers/STM32G4xx_HAL_Driver/Src/stm32g4xx_hal_rcc.o
 .debug_info    0x0000d86e      0xc45 ./Drivers/STM32G4xx_HAL_Driver/Src/stm32g4xx_hal_rcc_ex.o
 .debug_info    0x0000e4b3     0x2c52 ./Drivers/STM32G4xx_HAL_Driver/Src/stm32g4xx_hal_tim.o
 .debug_info    0x00011105     0x1d95 ./Drivers/STM32G4xx_HAL_Driver/Src/stm32g4xx_hal_tim_ex.o

.debug_abbrev   0x00000000     0x2837
 .debug_abbrev  0x00000000       0xca ./Core/Src/fir_circullar_buffer.o
 .debug_abbrev  0x000000ca       0x59 ./Core/Src/fir_coeffs.o
 .debug_abbrev  0x00000123      0x2a7 ./Core/Src/main.o
 .debug_abbrev  0x000003ca      0x255 ./Core/Src/stm32g4xx_hal_msp.o
 .debug_abbrev  0x0000061f      0x25c ./Core/Src/stm32g4xx_it.o
 .debug_abbrev  0x0000087b      0x11a ./Core/Src/system_stm32g4xx.o
 .debug_abbrev  0x00000995       0x24 ./Core/Startup/startup_stm32g474retx.o
 .debug_abbrev  0x000009b9      0x271 ./Drivers/STM32G4xx_HAL_Driver/Src/stm32g4xx_hal.o
 .debug_abbrev  0x00000c2a      0x2d3 ./Drivers/STM32G4xx_HAL_Driver/Src/stm32g4xx_hal_adc.o
 .debug_abbrev  0x00000efd      0x2ee ./Drivers/STM32G4xx_HAL_Driver/Src/stm32g4xx_hal_adc_ex.o
 .debug_abbrev  0x000011eb      0x31c ./Drivers/STM32G4xx_HAL_Driver/Src/stm32g4xx_hal_cortex.o
 .debug_abbrev  0x00001507      0x231 ./Drivers/STM32G4xx_HAL_Driver/Src/stm32g4xx_hal_dac.o
 .debug_abbrev  0x00001738      0x27b ./Drivers/STM32G4xx_HAL_Driver/Src/stm32g4xx_hal_dac_ex.o
 .debug_abbrev  0x000019b3      0x1cb ./Drivers/STM32G4xx_HAL_Driver/Src/stm32g4xx_hal_gpio.o
 .debug_abbrev  0x00001b7e      0x22c ./Drivers/STM32G4xx_HAL_Driver/Src/stm32g4xx_hal_pwr_ex.o
 .debug_abbrev  0x00001daa      0x2c9 ./Drivers/STM32G4xx_HAL_Driver/Src/stm32g4xx_hal_rcc.o
 .debug_abbrev  0x00002073      0x258 ./Drivers/STM32G4xx_HAL_Driver/Src/stm32g4xx_hal_rcc_ex.o
 .debug_abbrev  0x000022cb      0x2a7 ./Drivers/STM32G4xx_HAL_Driver/Src/stm32g4xx_hal_tim.o
 .debug_abbrev  0x00002572      0x2c5 ./Drivers/STM32G4xx_HAL_Driver/Src/stm32g4xx_hal_tim_ex.o

.debug_aranges  0x00000000     0x1298
 .debug_aranges
                0x00000000       0x20 ./Core/Src/fir_circullar_buffer.o
 .debug_aranges
                0x00000020       0x18 ./Core/Src/fir_coeffs.o
 .debug_aranges
                0x00000038       0x50 ./Core/Src/main.o
 .debug_aranges
                0x00000088       0x50 ./Core/Src/stm32g4xx_hal_msp.o
 .debug_aranges
                0x000000d8       0x78 ./Core/Src/stm32g4xx_it.o
 .debug_aranges
                0x00000150       0x28 ./Core/Src/system_stm32g4xx.o
 .debug_aranges
                0x00000178       0x28 ./Core/Startup/startup_stm32g474retx.o
 .debug_aranges
                0x000001a0      0x148 ./Drivers/STM32G4xx_HAL_Driver/Src/stm32g4xx_hal.o
 .debug_aranges
                0x000002e8      0x248 ./Drivers/STM32G4xx_HAL_Driver/Src/stm32g4xx_hal_adc.o
 .debug_aranges
                0x00000530      0x1c0 ./Drivers/STM32G4xx_HAL_Driver/Src/stm32g4xx_hal_adc_ex.o
 .debug_aranges
                0x000006f0      0x128 ./Drivers/STM32G4xx_HAL_Driver/Src/stm32g4xx_hal_cortex.o
 .debug_aranges
                0x00000818       0xc0 ./Drivers/STM32G4xx_HAL_Driver/Src/stm32g4xx_hal_dac.o
 .debug_aranges
                0x000008d8       0xc0 ./Drivers/STM32G4xx_HAL_Driver/Src/stm32g4xx_hal_dac_ex.o
 .debug_aranges
                0x00000998       0x58 ./Drivers/STM32G4xx_HAL_Driver/Src/stm32g4xx_hal_gpio.o
 .debug_aranges
                0x000009f0      0x140 ./Drivers/STM32G4xx_HAL_Driver/Src/stm32g4xx_hal_pwr_ex.o
 .debug_aranges
                0x00000b30       0x98 ./Drivers/STM32G4xx_HAL_Driver/Src/stm32g4xx_hal_rcc.o
 .debug_aranges
                0x00000bc8       0xb0 ./Drivers/STM32G4xx_HAL_Driver/Src/stm32g4xx_hal_rcc_ex.o
 .debug_aranges
                0x00000c78      0x3e0 ./Drivers/STM32G4xx_HAL_Driver/Src/stm32g4xx_hal_tim.o
 .debug_aranges
                0x00001058      0x240 ./Drivers/STM32G4xx_HAL_Driver/Src/stm32g4xx_hal_tim_ex.o

.debug_rnglists
                0x00000000      0xe38
 .debug_rnglists
                0x00000000       0x14 ./Core/Src/fir_circullar_buffer.o
 .debug_rnglists
                0x00000014       0x3b ./Core/Src/main.o
 .debug_rnglists
                0x0000004f       0x39 ./Core/Src/stm32g4xx_hal_msp.o
 .debug_rnglists
                0x00000088       0x56 ./Core/Src/stm32g4xx_it.o
 .debug_rnglists
                0x000000de       0x1a ./Core/Src/system_stm32g4xx.o
 .debug_rnglists
                0x000000f8       0x19 ./Core/Startup/startup_stm32g474retx.o
 .debug_rnglists
                0x00000111       0xf1 ./Drivers/STM32G4xx_HAL_Driver/Src/stm32g4xx_hal.o
 .debug_rnglists
                0x00000202      0x1c0 ./Drivers/STM32G4xx_HAL_Driver/Src/stm32g4xx_hal_adc.o
 .debug_rnglists
                0x000003c2      0x15a ./Drivers/STM32G4xx_HAL_Driver/Src/stm32g4xx_hal_adc_ex.o
 .debug_rnglists
                0x0000051c       0xda ./Drivers/STM32G4xx_HAL_Driver/Src/stm32g4xx_hal_cortex.o
 .debug_rnglists
                0x000005f6       0x90 ./Drivers/STM32G4xx_HAL_Driver/Src/stm32g4xx_hal_dac.o
 .debug_rnglists
                0x00000686       0x93 ./Drivers/STM32G4xx_HAL_Driver/Src/stm32g4xx_hal_dac_ex.o
 .debug_rnglists
                0x00000719       0x3f ./Drivers/STM32G4xx_HAL_Driver/Src/stm32g4xx_hal_gpio.o
 .debug_rnglists
                0x00000758       0xf1 ./Drivers/STM32G4xx_HAL_Driver/Src/stm32g4xx_hal_pwr_ex.o
 .debug_rnglists
                0x00000849       0x74 ./Drivers/STM32G4xx_HAL_Driver/Src/stm32g4xx_hal_rcc.o
 .debug_rnglists
                0x000008bd       0x87 ./Drivers/STM32G4xx_HAL_Driver/Src/stm32g4xx_hal_rcc_ex.o
 .debug_rnglists
                0x00000944      0x328 ./Drivers/STM32G4xx_HAL_Driver/Src/stm32g4xx_hal_tim.o
 .debug_rnglists
                0x00000c6c      0x1cc ./Drivers/STM32G4xx_HAL_Driver/Src/stm32g4xx_hal_tim_ex.o

.debug_macro    0x00000000    0x27569
 .debug_macro   0x00000000       0x72 ./Core/Src/fir_circullar_buffer.o
 .debug_macro   0x00000072      0xad8 ./Core/Src/fir_circullar_buffer.o
 .debug_macro   0x00000b4a       0x10 ./Core/Src/fir_circullar_buffer.o
 .debug_macro   0x00000b5a       0x22 ./Core/Src/fir_circullar_buffer.o
 .debug_macro   0x00000b7c       0x8e ./Core/Src/fir_circullar_buffer.o
 .debug_macro   0x00000c0a       0x51 ./Core/Src/fir_circullar_buffer.o
 .debug_macro   0x00000c5b      0x103 ./Core/Src/fir_circullar_buffer.o
 .debug_macro   0x00000d5e       0x6a ./Core/Src/fir_circullar_buffer.o
 .debug_macro   0x00000dc8      0x1df ./Core/Src/fir_circullar_buffer.o
 .debug_macro   0x00000fa7       0x1a ./Core/Src/fir_coeffs.o
 .debug_macro   0x00000fc1      0x200 ./Core/Src/main.o
 .debug_macro   0x000011c1      0x161 ./Core/Src/main.o
 .debug_macro   0x00001322       0x2e ./Core/Src/main.o
 .debug_macro   0x00001350       0x28 ./Core/Src/main.o
 .debug_macro   0x00001378       0x1c ./Core/Src/main.o
 .debug_macro   0x00001394       0x22 ./Core/Src/main.o
 .debug_macro   0x000013b6       0xfb ./Core/Src/main.o
 .debug_macro   0x000014b1     0x1011 ./Core/Src/main.o
 .debug_macro   0x000024c2      0x11f ./Core/Src/main.o
 .debug_macro   0x000025e1    0x18b8c ./Core/Src/main.o
 .debug_macro   0x0001b16d       0x6d ./Core/Src/main.o
 .debug_macro   0x0001b1da     0x3558 ./Core/Src/main.o
 .debug_macro   0x0001e732      0x190 ./Core/Src/main.o
 .debug_macro   0x0001e8c2       0x5c ./Core/Src/main.o
 .debug_macro   0x0001e91e     0x171f ./Core/Src/main.o
 .debug_macro   0x0002003d      0x600 ./Core/Src/main.o
 .debug_macro   0x0002063d      0x1b6 ./Core/Src/main.o
 .debug_macro   0x000207f3      0x34a ./Core/Src/main.o
 .debug_macro   0x00020b3d      0x53c ./Core/Src/main.o
 .debug_macro   0x00021079      0x18b ./Core/Src/main.o
 .debug_macro   0x00021204       0x43 ./Core/Src/main.o
 .debug_macro   0x00021247      0x23d ./Core/Src/main.o
 .debug_macro   0x00021484     0x1112 ./Core/Src/main.o
 .debug_macro   0x00022596      0x72e ./Core/Src/main.o
 .debug_macro   0x00022cc4      0x391 ./Core/Src/main.o
 .debug_macro   0x00023055      0x209 ./Core/Src/main.o
 .debug_macro   0x0002325e      0x107 ./Core/Src/main.o
 .debug_macro   0x00023365      0x211 ./Core/Src/main.o
 .debug_macro   0x00023576      0x45c ./Core/Src/main.o
 .debug_macro   0x000239d2      0x11c ./Core/Src/main.o
 .debug_macro   0x00023aee      0x122 ./Core/Src/main.o
 .debug_macro   0x00023c10      0x3d1 ./Core/Src/main.o
 .debug_macro   0x00023fe1      0xc0b ./Core/Src/main.o
 .debug_macro   0x00024bec      0x718 ./Core/Src/main.o
 .debug_macro   0x00025304      0x358 ./Core/Src/main.o
 .debug_macro   0x0002565c       0x82 ./Core/Src/main.o
 .debug_macro   0x000256de      0x200 ./Core/Src/stm32g4xx_hal_msp.o
 .debug_macro   0x000258de      0x210 ./Core/Src/stm32g4xx_it.o
 .debug_macro   0x00025aee      0x1f1 ./Core/Src/system_stm32g4xx.o
 .debug_macro   0x00025cdf      0x23f ./Drivers/STM32G4xx_HAL_Driver/Src/stm32g4xx_hal.o
 .debug_macro   0x00025f1e      0x20e ./Drivers/STM32G4xx_HAL_Driver/Src/stm32g4xx_hal_adc.o
 .debug_macro   0x0002612c      0x1fd ./Drivers/STM32G4xx_HAL_Driver/Src/stm32g4xx_hal_adc_ex.o
 .debug_macro   0x00026329      0x1f1 ./Drivers/STM32G4xx_HAL_Driver/Src/stm32g4xx_hal_cortex.o
 .debug_macro   0x0002651a      0x207 ./Drivers/STM32G4xx_HAL_Driver/Src/stm32g4xx_hal_dac.o
 .debug_macro   0x00026721      0x1f7 ./Drivers/STM32G4xx_HAL_Driver/Src/stm32g4xx_hal_dac_ex.o
 .debug_macro   0x00026918      0x1f8 ./Drivers/STM32G4xx_HAL_Driver/Src/stm32g4xx_hal_gpio.o
 .debug_macro   0x00026b10      0x21b ./Drivers/STM32G4xx_HAL_Driver/Src/stm32g4xx_hal_pwr_ex.o
 .debug_macro   0x00026d2b      0x233 ./Drivers/STM32G4xx_HAL_Driver/Src/stm32g4xx_hal_rcc.o
 .debug_macro   0x00026f5e      0x21b ./Drivers/STM32G4xx_HAL_Driver/Src/stm32g4xx_hal_rcc_ex.o
 .debug_macro   0x00027179      0x1f9 ./Drivers/STM32G4xx_HAL_Driver/Src/stm32g4xx_hal_tim.o
 .debug_macro   0x00027372      0x1f7 ./Drivers/STM32G4xx_HAL_Driver/Src/stm32g4xx_hal_tim_ex.o

.debug_line     0x00000000    0x14358
 .debug_line    0x00000000      0x532 ./Core/Src/fir_circullar_buffer.o
 .debug_line    0x00000532       0x55 ./Core/Src/fir_coeffs.o
 .debug_line    0x00000587      0xa1e ./Core/Src/main.o
 .debug_line    0x00000fa5      0x93d ./Core/Src/stm32g4xx_hal_msp.o
 .debug_line    0x000018e2      0x977 ./Core/Src/stm32g4xx_it.o
 .debug_line    0x00002259      0x8c0 ./Core/Src/system_stm32g4xx.o
 .debug_line    0x00002b19       0x7b ./Core/Startup/startup_stm32g474retx.o
 .debug_line    0x00002b94      0xc8c ./Drivers/STM32G4xx_HAL_Driver/Src/stm32g4xx_hal.o
 .debug_line    0x00003820     0x235b ./Drivers/STM32G4xx_HAL_Driver/Src/stm32g4xx_hal_adc.o
 .debug_line    0x00005b7b     0x1cb3 ./Drivers/STM32G4xx_HAL_Driver/Src/stm32g4xx_hal_adc_ex.o
 .debug_line    0x0000782e      0xdf1 ./Drivers/STM32G4xx_HAL_Driver/Src/stm32g4xx_hal_cortex.o
 .debug_line    0x0000861f      0xdfc ./Drivers/STM32G4xx_HAL_Driver/Src/stm32g4xx_hal_dac.o
 .debug_line    0x0000941b      0xda2 ./Drivers/STM32G4xx_HAL_Driver/Src/stm32g4xx_hal_dac_ex.o
 .debug_line    0x0000a1bd      0xc65 ./Drivers/STM32G4xx_HAL_Driver/Src/stm32g4xx_hal_gpio.o
 .debug_line    0x0000ae22      0xdeb ./Drivers/STM32G4xx_HAL_Driver/Src/stm32g4xx_hal_pwr_ex.o
 .debug_line    0x0000bc0d     0x110f ./Drivers/STM32G4xx_HAL_Driver/Src/stm32g4xx_hal_rcc.o
 .debug_line    0x0000cd1c     0x1384 ./Drivers/STM32G4xx_HAL_Driver/Src/stm32g4xx_hal_rcc_ex.o
 .debug_line    0x0000e0a0     0x4125 ./Drivers/STM32G4xx_HAL_Driver/Src/stm32g4xx_hal_tim.o
 .debug_line    0x000121c5     0x2193 ./Drivers/STM32G4xx_HAL_Driver/Src/stm32g4xx_hal_tim_ex.o

.debug_str      0x00000000   0x10b6e8
 .debug_str     0x00000000   0x10b6e8 ./Core/Src/fir_circullar_buffer.o
                               0x3e25 (size before relaxing)
 .debug_str     0x0010b6e8     0x2ebb ./Core/Src/fir_coeffs.o
 .debug_str     0x0010b6e8   0x10709a ./Core/Src/main.o
 .debug_str     0x0010b6e8   0x106ea8 ./Core/Src/stm32g4xx_hal_msp.o
 .debug_str     0x0010b6e8   0x1065c8 ./Core/Src/stm32g4xx_it.o
 .debug_str     0x0010b6e8   0x1059a8 ./Core/Src/system_stm32g4xx.o
 .debug_str     0x0010b6e8       0x87 ./Core/Startup/startup_stm32g474retx.o
 .debug_str     0x0010b6e8   0x1066ba ./Drivers/STM32G4xx_HAL_Driver/Src/stm32g4xx_hal.o
 .debug_str     0x0010b6e8   0x1069d5 ./Drivers/STM32G4xx_HAL_Driver/Src/stm32g4xx_hal_adc.o
 .debug_str     0x0010b6e8   0x10697b ./Drivers/STM32G4xx_HAL_Driver/Src/stm32g4xx_hal_adc_ex.o
 .debug_str     0x0010b6e8   0x106376 ./Drivers/STM32G4xx_HAL_Driver/Src/stm32g4xx_hal_cortex.o
 .debug_str     0x0010b6e8   0x10607d ./Drivers/STM32G4xx_HAL_Driver/Src/stm32g4xx_hal_dac.o
 .debug_str     0x0010b6e8   0x1060ac ./Drivers/STM32G4xx_HAL_Driver/Src/stm32g4xx_hal_dac_ex.o
 .debug_str     0x0010b6e8   0x105b33 ./Drivers/STM32G4xx_HAL_Driver/Src/stm32g4xx_hal_gpio.o
 .debug_str     0x0010b6e8   0x105e96 ./Drivers/STM32G4xx_HAL_Driver/Src/stm32g4xx_hal_pwr_ex.o
 .debug_str     0x0010b6e8   0x1060c7 ./Drivers/STM32G4xx_HAL_Driver/Src/stm32g4xx_hal_rcc.o
 .debug_str     0x0010b6e8   0x1060f1 ./Drivers/STM32G4xx_HAL_Driver/Src/stm32g4xx_hal_rcc_ex.o
 .debug_str     0x0010b6e8   0x106ea6 ./Drivers/STM32G4xx_HAL_Driver/Src/stm32g4xx_hal_tim.o
 .debug_str     0x0010b6e8   0x106b1a ./Drivers/STM32G4xx_HAL_Driver/Src/stm32g4xx_hal_tim_ex.o

.comment        0x00000000       0x43
 .comment       0x00000000       0x43 ./Core/Src/fir_circullar_buffer.o
                                 0x44 (size before relaxing)
 .comment       0x00000043       0x44 ./Core/Src/fir_coeffs.o
 .comment       0x00000043       0x44 ./Core/Src/main.o
 .comment       0x00000043       0x44 ./Core/Src/stm32g4xx_hal_msp.o
 .comment       0x00000043       0x44 ./Core/Src/stm32g4xx_it.o
 .comment       0x00000043       0x44 ./Core/Src/system_stm32g4xx.o
 .comment       0x00000043       0x44 ./Drivers/STM32G4xx_HAL_Driver/Src/stm32g4xx_hal.o
 .comment       0x00000043       0x44 ./Drivers/STM32G4xx_HAL_Driver/Src/stm32g4xx_hal_adc.o
 .comment       0x00000043       0x44 ./Drivers/STM32G4xx_HAL_Driver/Src/stm32g4xx_hal_adc_ex.o
 .comment       0x00000043       0x44 ./Drivers/STM32G4xx_HAL_Driver/Src/stm32g4xx_hal_cortex.o
 .comment       0x00000043       0x44 ./Drivers/STM32G4xx_HAL_Driver/Src/stm32g4xx_hal_dac.o
 .comment       0x00000043       0x44 ./Drivers/STM32G4xx_HAL_Driver/Src/stm32g4xx_hal_dac_ex.o
 .comment       0x00000043       0x44 ./Drivers/STM32G4xx_HAL_Driver/Src/stm32g4xx_hal_gpio.o
 .comment       0x00000043       0x44 ./Drivers/STM32G4xx_HAL_Driver/Src/stm32g4xx_hal_pwr_ex.o
 .comment       0x00000043       0x44 ./Drivers/STM32G4xx_HAL_Driver/Src/stm32g4xx_hal_rcc.o
 .comment       0x00000043       0x44 ./Drivers/STM32G4xx_HAL_Driver/Src/stm32g4xx_hal_rcc_ex.o
 .comment       0x00000043       0x44 ./Drivers/STM32G4xx_HAL_Driver/Src/stm32g4xx_hal_tim.o
 .comment       0x00000043       0x44 ./Drivers/STM32G4xx_HAL_Driver/Src/stm32g4xx_hal_tim_ex.o

.debug_frame    0x00000000     0x4f54
 .debug_frame   0x00000000       0x38 ./Core/Src/fir_circullar_buffer.o
 .debug_frame   0x00000038       0xf8 ./Core/Src/main.o
 .debug_frame   0x00000130      0x114 ./Core/Src/stm32g4xx_hal_msp.o
 .debug_frame   0x00000244      0x160 ./Core/Src/stm32g4xx_it.o
 .debug_frame   0x000003a4       0x58 ./Core/Src/system_stm32g4xx.o
 .debug_frame   0x000003fc      0x500 ./Drivers/STM32G4xx_HAL_Driver/Src/stm32g4xx_hal.o
 .debug_frame   0x000008fc      0xacc ./Drivers/STM32G4xx_HAL_Driver/Src/stm32g4xx_hal_adc.o
 .debug_frame   0x000013c8      0x81c ./Drivers/STM32G4xx_HAL_Driver/Src/stm32g4xx_hal_adc_ex.o
 .debug_frame   0x00001be4      0x4e8 ./Drivers/STM32G4xx_HAL_Driver/Src/stm32g4xx_hal_cortex.o
 .debug_frame   0x000020cc      0x338 ./Drivers/STM32G4xx_HAL_Driver/Src/stm32g4xx_hal_dac.o
 .debug_frame   0x00002404      0x344 ./Drivers/STM32G4xx_HAL_Driver/Src/stm32g4xx_hal_dac_ex.o
 .debug_frame   0x00002748      0x14c ./Drivers/STM32G4xx_HAL_Driver/Src/stm32g4xx_hal_gpio.o
 .debug_frame   0x00002894      0x4fc ./Drivers/STM32G4xx_HAL_Driver/Src/stm32g4xx_hal_pwr_ex.o
 .debug_frame   0x00002d90      0x23c ./Drivers/STM32G4xx_HAL_Driver/Src/stm32g4xx_hal_rcc.o
 .debug_frame   0x00002fcc      0x2ac ./Drivers/STM32G4xx_HAL_Driver/Src/stm32g4xx_hal_rcc_ex.o
 .debug_frame   0x00003278     0x1220 ./Drivers/STM32G4xx_HAL_Driver/Src/stm32g4xx_hal_tim.o
 .debug_frame   0x00004498      0xa70 ./Drivers/STM32G4xx_HAL_Driver/Src/stm32g4xx_hal_tim_ex.o
 .debug_frame   0x00004f08       0x20 V:/Prajwal/Softwares/ESPS/STM32CubeIDE_1.18.1/STM32CubeIDE/plugins/com.st.stm32cube.ide.mcu.externaltools.gnu-tools-for-stm32.13.3.rel1.win32_1.0.0.202411081344/tools/bin/../lib/gcc/arm-none-eabi/13.3.1/../../../../arm-none-eabi/lib/thumb/v7e-m+fp/hard\libc_nano.a(libc_a-memset.o)
 .debug_frame   0x00004f28       0x2c V:/Prajwal/Softwares/ESPS/STM32CubeIDE_1.18.1/STM32CubeIDE/plugins/com.st.stm32cube.ide.mcu.externaltools.gnu-tools-for-stm32.13.3.rel1.win32_1.0.0.202411081344/tools/bin/../lib/gcc/arm-none-eabi/13.3.1/../../../../arm-none-eabi/lib/thumb/v7e-m+fp/hard\libc_nano.a(libc_a-init.o)

.debug_line_str
                0x00000000       0x6b
 .debug_line_str
                0x00000000       0x6b ./Core/Startup/startup_stm32g474retx.o
